{
  "version": "1.5.0",
  "plugins_used": [
    {
      "name": "ArtifactoryDetector"
    },
    {
      "name": "AWSKeyDetector"
    },
    {
      "name": "AzureStorageKeyDetector"
    },
    {
      "name": "Base64HighEntropyString",
      "limit": 4.5
    },
    {
      "name": "BasicAuthDetector"
    },
    {
      "name": "CloudantDetector"
    },
    {
      "name": "DiscordBotTokenDetector"
    },
    {
      "name": "GitHubTokenDetector"
    },
    {
      "name": "GitLabTokenDetector"
    },
    {
      "name": "HexHighEntropyString",
      "limit": 3.0
    },
    {
      "name": "IbmCloudIamDetector"
    },
    {
      "name": "IbmCosHmacDetector"
    },
    {
      "name": "IPPublicDetector"
    },
    {
      "name": "JwtTokenDetector"
    },
    {
      "name": "KeywordDetector",
      "keyword_exclude": ""
    },
    {
      "name": "MailchimpDetector"
    },
    {
      "name": "NpmDetector"
    },
    {
      "name": "OpenAIDetector"
    },
    {
      "name": "PrivateKeyDetector"
    },
    {
      "name": "PypiTokenDetector"
    },
    {
      "name": "SendGridDetector"
    },
    {
      "name": "SlackDetector"
    },
    {
      "name": "SoftlayerDetector"
    },
    {
      "name": "SquareOAuthDetector"
    },
    {
      "name": "StripeDetector"
    },
    {
      "name": "TelegramBotTokenDetector"
    },
    {
      "name": "TwilioKeyDetector"
    }
  ],
  "filters_used": [
    {
      "path": "detect_secrets.filters.allowlist.is_line_allowlisted"
    },
    {
      "path": "detect_secrets.filters.common.is_ignored_due_to_verification_policies",
      "min_level": 2
    },
    {
      "path": "detect_secrets.filters.heuristic.is_indirect_reference"
    },
    {
      "path": "detect_secrets.filters.heuristic.is_likely_id_string"
    },
    {
      "path": "detect_secrets.filters.heuristic.is_lock_file"
    },
    {
      "path": "detect_secrets.filters.heuristic.is_not_alphanumeric_string"
    },
    {
      "path": "detect_secrets.filters.heuristic.is_potential_uuid"
    },
    {
      "path": "detect_secrets.filters.heuristic.is_prefixed_with_dollar_sign"
    },
    {
      "path": "detect_secrets.filters.heuristic.is_sequential_string"
    },
    {
      "path": "detect_secrets.filters.heuristic.is_swagger_file"
    },
    {
      "path": "detect_secrets.filters.heuristic.is_templated_secret"
    }
  ],
  "results": {
    "config/bots.yaml": [
      {
        "type": "Secret Keyword",
        "filename": "config/bots.yaml",
        "hashed_secret": "f8ca0d7266886f4b5be9adddc9b66017b3bf1a4b",
        "is_verified": false,
        "line_number": 3
      },
      {
        "type": "Secret Keyword",
        "filename": "config/bots.yaml",
        "hashed_secret": "02ecb94373bfb3dfe827ca18409f50b016e8302a",
        "is_verified": false,
        "line_number": 20
      },
      {
        "type": "Secret Keyword",
        "filename": "config/bots.yaml",
        "hashed_secret": "97ebd8cdea0b54bbcd8734279a78a419bb4eeb48",
        "is_verified": false,
        "line_number": 37
      }
    ],
    "docs/SETUP.md": [
      {
        "type": "Secret Keyword",
        "filename": "docs/SETUP.md",
        "hashed_secret": "26e4781d85323359db51b3745898d894857de47b",
        "is_verified": false,
        "line_number": 90
      }
    ],
    "legacy/.env.example.old": [
      {
        "type": "Secret Keyword",
        "filename": "legacy/.env.example.old",
        "hashed_secret": "34f287eda07c2d8c582631c3daaa5b4de07a8a23",
        "is_verified": false,
        "line_number": 14
      },
      {
        "type": "Secret Keyword",
        "filename": "legacy/.env.example.old",
        "hashed_secret": "b901f9ba19678eb00b32fcad25df2824006a7b24",
        "is_verified": false,
        "line_number": 15
      },
      {
        "type": "Secret Keyword",
        "filename": "legacy/.env.example.old",
        "hashed_secret": "34d4b4b244977d4f4b624c924e4ff648d1329e7c",
        "is_verified": false,
        "line_number": 16
      },
      {
        "type": "Secret Keyword",
        "filename": "legacy/.env.example.old",
        "hashed_secret": "464eb2e33f4abf7d4a94c86c06bca66a46a364e3",
        "is_verified": false,
        "line_number": 23
      },
      {
        "type": "Secret Keyword",
        "filename": "legacy/.env.example.old",
        "hashed_secret": "96f5ba43e8a1cc4a7a817b3a9b9c6faac6d6fbfc",
        "is_verified": false,
        "line_number": 28
      },
      {
        "type": "Secret Keyword",
        "filename": "legacy/.env.example.old",
        "hashed_secret": "dcec3987c3fe59e884f2b54517273e2f9ef6f48f",
        "is_verified": false,
        "line_number": 35
      }
    ],
    "legacy/root_files/agent-personas.json": [
      {
        "type": "Secret Keyword",
        "filename": "legacy/root_files/agent-personas.json",
        "hashed_secret": "97ebd8cdea0b54bbcd8734279a78a419bb4eeb48",
        "is_verified": false,
        "line_number": 8
      },
      {
        "type": "Secret Keyword",
        "filename": "legacy/root_files/agent-personas.json",
        "hashed_secret": "f8ca0d7266886f4b5be9adddc9b66017b3bf1a4b",
        "is_verified": false,
        "line_number": 34
      },
      {
        "type": "Secret Keyword",
        "filename": "legacy/root_files/agent-personas.json",
        "hashed_secret": "484d4204a547ed6b301c70f43e0fe56da6addddf",
        "is_verified": false,
        "line_number": 60
      }
    ],
    "legacy/root_files/start.sh": [
      {
        "type": "Secret Keyword",
        "filename": "legacy/root_files/start.sh",
        "hashed_secret": "787dffa94e0ee8bd6718de30eab64980d842bef9",
        "is_verified": false,
        "line_number": 100
      }
    ],
    "test_mcp_system.py": [
      {
        "type": "Basic Auth Credentials",
        "filename": "test_mcp_system.py",
        "hashed_secret": "a94a8fe5ccb19ba61c4c0873d391e987982fbbd3",
        "is_verified": false,
        "line_number": 117
      }
    ]
  },
  "generated_at": "2025-07-30T21:25:32Z"
}
